// Jest Snapshot v1, https://goo.gl/fbAQLP

exports[`App renders correctly 1`] = `
<DocumentFragment>
  <div
    class="App"
  >
    <header>
      <img
        alt="nasaLogo"
        class="nasa-logo"
        src="https://cdn.cnn.com/cnnnext/dam/assets/200424060716-nasa-worm-logo.jpg"
      />
    </header>
    <div
      class="page"
    >
      <div
        class="content"
      >
        <form
          class="search-form"
        >
          <input
            class="search-input"
            placeholder="Search your Nasa Image"
            type="text"
          />
          <button
            class="search-btn"
            type="submit"
          >
            Go!
          </button>
        </form>
      </div>
    </div>
  </div>
</DocumentFragment>
`;
